
> build
> next build

▲ Next.js 16.2.1 (Turbopack)

  Creating an optimized production build ...
npm.cmd : 
No linha:2 caractere:1
+ npm.cmd run build *> build-output.log; $code=$LASTEXITCODE; Get-Conte ...
+ ~~~~~~~~~~~~~~~~~~~~~~~~~~~~~~~~~~~~~
    + CategoryInfo          : NotSpecified: (:String) [], RemoteException
    + FullyQualifiedErrorId : NativeCommandError
 
> Build error occurred
Error: Turbopack build failed with 1 errors:
./app/globals.css
Error evaluating Node.js code
Error: EINVAL
    [at new Worker (node:internal/worker:356:19)]
    [at new InternalWorker (node:internal/worker:605:5)]
    [at new AsyncLoaderHookWorker (node:internal/modules/esm/hooks:527:20)]
    [at getAsyncLoaderHookWorker (node:internal/modules/esm/hooks:793:29)]
    [at new AsyncLoaderHooksProxiedToLoaderHookWorker (node:internal/modules/esm/hooks:810:5)]
    [at ModuleLoader.register (node:internal/modules/esm/loader:673:33)]
    [at Function.register (node:internal/modules/esm/loader:976:35)]
    [at Object.<anonymous> (C:\Users\Etec Maker 
20\Documents\lpca\SITE-LPCA\node_modules\@tailwindcss\node\dist\index.js:18:170)]
    [at Module._compile (node:internal/modules/cjs/loader:1760:14)]
    [at Object..js (node:internal/modules/cjs/loader:1892:10)]

Import trace:
  Client Component Browser:
    ./app/globals.css [Client Component Browser]
    ./app/layout.tsx [Server Component]


    at ignore-listed frames
